// Vitest Snapshot v1, https://vitest.dev/guide/snapshot.html

exports[`given default AATree > should render snapshot 1`] = `
"<ul role="tree" tabindex="0" data-orientation="vertical" dir="ltr" style="outline: none;" class="w-64 select-none list-none rounded-md bg-white p-2 text-sm text-blackA11 font-medium">
  <li class="my-0.5 w-max flex items-center rounded px-2 py-1 outline-none data-[selected]:bg-grass4 focus:ring-2 focus:ring-grass9" style="margin-left: 1rem;" aria-setsize="3" aria-posinset="1" role="treeitem" aria-selected="false" aria-level="1" data-indent="1" tabindex="-1" data-orientation="vertical" data-active="true" data-akar-collection-item="">
    <!--v-if-->
    <div class="pl-2">index.vue</div>
  </li>
  <li class="my-0.5 w-max flex items-center rounded px-2 py-1 outline-none data-[selected]:bg-grass4 focus:ring-2 focus:ring-grass9" style="margin-left: 1rem;" aria-setsize="3" aria-posinset="2" role="treeitem" aria-selected="false" aria-expanded="false" aria-level="1" data-indent="1" tabindex="-1" data-orientation="vertical" data-active="true" data-akar-collection-item=""><i class="i-radix-icons:chevron-down h-4 w-4"></i>
    <div class="pl-2">lib</div>
  </li>
  <li class="my-0.5 w-max flex items-center rounded px-2 py-1 outline-none data-[selected]:bg-grass4 focus:ring-2 focus:ring-grass9" style="margin-left: 1rem;" aria-setsize="3" aria-posinset="3" role="treeitem" aria-selected="false" aria-expanded="false" aria-level="1" data-indent="1" tabindex="-1" data-orientation="vertical" data-active="true" data-akar-collection-item=""><i class="i-radix-icons:chevron-down h-4 w-4"></i>
    <div class="pl-2">routes</div>
  </li>
</ul>"
`;
