// Vitest Snapshot v1, https://vitest.dev/guide/snapshot.html

exports[`given an Avatar with fallback and a working image > should match after image loaded snapshot 1`] = `"<span class="h-[45px] w-[45px] inline-flex select-none items-center justify-center overflow-hidden rounded-full bg-blackA3 align-middle"><img role="img" src="https://images.unsplash.com/photo-1492633423870-43d1cd2775eb?&amp;w=128&amp;h=128&amp;dpr=2&amp;q=80" class="h-full w-full rounded-[inherit] object-cover" alt="Colm Tuite" style=""><!--v-if--></span>"`;

exports[`given an Avatar with fallback and a working image > should match before image loaded snapshot 1`] = `"<span class="h-[45px] w-[45px] inline-flex select-none items-center justify-center overflow-hidden rounded-full bg-blackA3 align-middle"><img role="img" src="https://images.unsplash.com/photo-1492633423870-43d1cd2775eb?&amp;w=128&amp;h=128&amp;dpr=2&amp;q=80" class="h-full w-full rounded-[inherit] object-cover" alt="Colm Tuite" style="display: none;"><span class="h-full w-full flex items-center justify-center bg-white text-[15px] text-violet11 font-medium leading-1"> CT </span></span>"`;
