// Vitest Snapshot v1, https://vitest.dev/guide/snapshot.html

exports[`given default ScrollArea > on hover > should render scrollbar 1`] = `
"<div dir="ltr" style="position: relative; --akar-scroll-area-corner-width: 0px; --akar-scroll-area-corner-height: 0px; width: 200px; height: 200px; overflow: hidden;">
  <div data-akar-scroll-area-viewport="" style="overflow-x: hidden; overflow-y: scroll; width: 100%; height: 100%;" tabindex="0">
    <div>
      <p class="w-[4000px]" style="width: 50px;"> Lorem ipsum dolor sit amet, consectetur adipiscing elit. Fusce sit amet eros iaculis, bibendum tellus ac, lobortis odio. Aliquam bibendum elit est, in iaculis est commodo id. Donec pulvinar est libero. Proin consectetur pellentesque molestie. Fusce mi ante, ullamcorper eu ante finibus, finibus pellentesque turpis. Mauris convallis, leo in vulputate various, sapien lectus suscipit eros, ac semper odio sapien sit amet magna. Sed mattis turpis et lacinia ultrices. Nulla a commodo mauris. Orci various natoque penatibus et magnis dis parturient montes, nascetur ridiculous mus. Pellentesque id tempor metus. Pellentesque faucibus tortor non nisi maximus dignissim. Etiam leo nisi, molestie a porttitor at, euismod a libero. Nullam placerat tristique enim nec pulvinar. Sed eleifend dictum nulla a aliquam. Sed tempus ipsum eget urna posuere aliquam. Nulla maximus tortor dui, sed laoreet odio aliquet ac. Vestibulum dolor orci, lacinia finibus vehicula eget, posuere ac lectus. Quisque non felis at ipsum scelerisque condimentum. In pharetra semper arcu, ut hendrerit sem auctor vel. Aliquam non lacinia elit, a facilisis ante. Praesent eget eros augue. Praesent nunc orci, ullamcorper non pulvinar eu, elementum id nibh. Name id lorem euismod, sodales augue quis, porttitor magna. Vivamus ut nisl velit. Name ultrices maximus felis, quis ullamcorper quam luctus et. </p>
      <p class="w-[4000px]" style="width: 50px;"> Lorem ipsum dolor sit amet, consectetur adipiscing elit. Fusce sit amet eros iaculis, bibendum tellus ac, lobortis odio. Aliquam bibendum elit est, in iaculis est commodo id. Donec pulvinar est libero. Proin consectetur pellentesque molestie. Fusce mi ante, ullamcorper eu ante finibus, finibus pellentesque turpis. Mauris convallis, leo in vulputate various, sapien lectus suscipit eros, ac semper odio sapien sit amet magna. Sed mattis turpis et lacinia ultrices. Nulla a commodo mauris. Orci various natoque penatibus et magnis dis parturient montes, nascetur ridiculous mus. Pellentesque id tempor metus. Pellentesque faucibus tortor non nisi maximus dignissim. Etiam leo nisi, molestie a porttitor at, euismod a libero. Nullam placerat tristique enim nec pulvinar. Sed eleifend dictum nulla a aliquam. Sed tempus ipsum eget urna posuere aliquam. Nulla maximus tortor dui, sed laoreet odio aliquet ac. Vestibulum dolor orci, lacinia finibus vehicula eget, posuere ac lectus. Quisque non felis at ipsum scelerisque condimentum. In pharetra semper arcu, ut hendrerit sem auctor vel. Aliquam non lacinia elit, a facilisis ante. Praesent eget eros augue. Praesent nunc orci, ullamcorper non pulvinar eu, elementum id nibh. Name id lorem euismod, sodales augue quis, porttitor magna. Vivamus ut nisl velit. Name ultrices maximus felis, quis ullamcorper quam luctus et. </p>
    </div>
  </div>
  <style>
    /* Hide scrollbars cross-browser and enable momentum scroll for touch devices */
    [data-akar-scroll-area-viewport] {
      scrollbar-width: none;
      -ms-overflow-style: none;
      -webkit-overflow-scrolling: touch;
    }

    [data-akar-scroll-area-viewport]::-webkit-scrollbar {
      display: none;
    }
  </style>
  <div style="position: absolute; top: 0px; right: 0px; bottom: var(--akar-scroll-area-corner-height); --akar-scroll-area-thumb-height: 18px;" data-scrollbarimpl="" data-orientation="vertical" data-state="visible">
    <div data-state="visible" style="width: var(--akar-scroll-area-thumb-width); height: var(--akar-scroll-area-thumb-height);"></div>
  </div>
  <!--v-if-->
</div>"
`;

exports[`given default ScrollArea > should render content, but not scrollbar 1`] = `
"<div dir="ltr" style="position: relative; --akar-scroll-area-corner-width: 0px; --akar-scroll-area-corner-height: 0px; width: 200px; height: 200px; overflow: hidden;">
  <div data-akar-scroll-area-viewport="" style="overflow-x: hidden; overflow-y: scroll; width: 100%; height: 100%;" tabindex="0">
    <div>
      <p class="w-[4000px]" style="width: 50px;"> Lorem ipsum dolor sit amet, consectetur adipiscing elit. Fusce sit amet eros iaculis, bibendum tellus ac, lobortis odio. Aliquam bibendum elit est, in iaculis est commodo id. Donec pulvinar est libero. Proin consectetur pellentesque molestie. Fusce mi ante, ullamcorper eu ante finibus, finibus pellentesque turpis. Mauris convallis, leo in vulputate various, sapien lectus suscipit eros, ac semper odio sapien sit amet magna. Sed mattis turpis et lacinia ultrices. Nulla a commodo mauris. Orci various natoque penatibus et magnis dis parturient montes, nascetur ridiculous mus. Pellentesque id tempor metus. Pellentesque faucibus tortor non nisi maximus dignissim. Etiam leo nisi, molestie a porttitor at, euismod a libero. Nullam placerat tristique enim nec pulvinar. Sed eleifend dictum nulla a aliquam. Sed tempus ipsum eget urna posuere aliquam. Nulla maximus tortor dui, sed laoreet odio aliquet ac. Vestibulum dolor orci, lacinia finibus vehicula eget, posuere ac lectus. Quisque non felis at ipsum scelerisque condimentum. In pharetra semper arcu, ut hendrerit sem auctor vel. Aliquam non lacinia elit, a facilisis ante. Praesent eget eros augue. Praesent nunc orci, ullamcorper non pulvinar eu, elementum id nibh. Name id lorem euismod, sodales augue quis, porttitor magna. Vivamus ut nisl velit. Name ultrices maximus felis, quis ullamcorper quam luctus et. </p>
      <p class="w-[4000px]" style="width: 50px;"> Lorem ipsum dolor sit amet, consectetur adipiscing elit. Fusce sit amet eros iaculis, bibendum tellus ac, lobortis odio. Aliquam bibendum elit est, in iaculis est commodo id. Donec pulvinar est libero. Proin consectetur pellentesque molestie. Fusce mi ante, ullamcorper eu ante finibus, finibus pellentesque turpis. Mauris convallis, leo in vulputate various, sapien lectus suscipit eros, ac semper odio sapien sit amet magna. Sed mattis turpis et lacinia ultrices. Nulla a commodo mauris. Orci various natoque penatibus et magnis dis parturient montes, nascetur ridiculous mus. Pellentesque id tempor metus. Pellentesque faucibus tortor non nisi maximus dignissim. Etiam leo nisi, molestie a porttitor at, euismod a libero. Nullam placerat tristique enim nec pulvinar. Sed eleifend dictum nulla a aliquam. Sed tempus ipsum eget urna posuere aliquam. Nulla maximus tortor dui, sed laoreet odio aliquet ac. Vestibulum dolor orci, lacinia finibus vehicula eget, posuere ac lectus. Quisque non felis at ipsum scelerisque condimentum. In pharetra semper arcu, ut hendrerit sem auctor vel. Aliquam non lacinia elit, a facilisis ante. Praesent eget eros augue. Praesent nunc orci, ullamcorper non pulvinar eu, elementum id nibh. Name id lorem euismod, sodales augue quis, porttitor magna. Vivamus ut nisl velit. Name ultrices maximus felis, quis ullamcorper quam luctus et. </p>
    </div>
  </div>
  <style>
    /* Hide scrollbars cross-browser and enable momentum scroll for touch devices */
    [data-akar-scroll-area-viewport] {
      scrollbar-width: none;
      -ms-overflow-style: none;
      -webkit-overflow-scrolling: touch;
    }

    [data-akar-scroll-area-viewport]::-webkit-scrollbar {
      display: none;
    }
  </style>
  <!---->
  <!--v-if-->
</div>"
`;

exports[`given prop:type="always" ScrollArea > should render content and scrollbar 1`] = `
"<div dir="ltr" style="position: relative; --akar-scroll-area-corner-width: 0px; --akar-scroll-area-corner-height: 0px; width: 200px; height: 200px; overflow: hidden;">
  <div data-akar-scroll-area-viewport="" style="overflow-x: hidden; overflow-y: scroll; width: 100%; height: 100%;" tabindex="0">
    <div>
      <p class="w-[4000px]" style="width: 50px;"> Lorem ipsum dolor sit amet, consectetur adipiscing elit. Fusce sit amet eros iaculis, bibendum tellus ac, lobortis odio. Aliquam bibendum elit est, in iaculis est commodo id. Donec pulvinar est libero. Proin consectetur pellentesque molestie. Fusce mi ante, ullamcorper eu ante finibus, finibus pellentesque turpis. Mauris convallis, leo in vulputate various, sapien lectus suscipit eros, ac semper odio sapien sit amet magna. Sed mattis turpis et lacinia ultrices. Nulla a commodo mauris. Orci various natoque penatibus et magnis dis parturient montes, nascetur ridiculous mus. Pellentesque id tempor metus. Pellentesque faucibus tortor non nisi maximus dignissim. Etiam leo nisi, molestie a porttitor at, euismod a libero. Nullam placerat tristique enim nec pulvinar. Sed eleifend dictum nulla a aliquam. Sed tempus ipsum eget urna posuere aliquam. Nulla maximus tortor dui, sed laoreet odio aliquet ac. Vestibulum dolor orci, lacinia finibus vehicula eget, posuere ac lectus. Quisque non felis at ipsum scelerisque condimentum. In pharetra semper arcu, ut hendrerit sem auctor vel. Aliquam non lacinia elit, a facilisis ante. Praesent eget eros augue. Praesent nunc orci, ullamcorper non pulvinar eu, elementum id nibh. Name id lorem euismod, sodales augue quis, porttitor magna. Vivamus ut nisl velit. Name ultrices maximus felis, quis ullamcorper quam luctus et. </p>
      <p class="w-[4000px]" style="width: 50px;"> Lorem ipsum dolor sit amet, consectetur adipiscing elit. Fusce sit amet eros iaculis, bibendum tellus ac, lobortis odio. Aliquam bibendum elit est, in iaculis est commodo id. Donec pulvinar est libero. Proin consectetur pellentesque molestie. Fusce mi ante, ullamcorper eu ante finibus, finibus pellentesque turpis. Mauris convallis, leo in vulputate various, sapien lectus suscipit eros, ac semper odio sapien sit amet magna. Sed mattis turpis et lacinia ultrices. Nulla a commodo mauris. Orci various natoque penatibus et magnis dis parturient montes, nascetur ridiculous mus. Pellentesque id tempor metus. Pellentesque faucibus tortor non nisi maximus dignissim. Etiam leo nisi, molestie a porttitor at, euismod a libero. Nullam placerat tristique enim nec pulvinar. Sed eleifend dictum nulla a aliquam. Sed tempus ipsum eget urna posuere aliquam. Nulla maximus tortor dui, sed laoreet odio aliquet ac. Vestibulum dolor orci, lacinia finibus vehicula eget, posuere ac lectus. Quisque non felis at ipsum scelerisque condimentum. In pharetra semper arcu, ut hendrerit sem auctor vel. Aliquam non lacinia elit, a facilisis ante. Praesent eget eros augue. Praesent nunc orci, ullamcorper non pulvinar eu, elementum id nibh. Name id lorem euismod, sodales augue quis, porttitor magna. Vivamus ut nisl velit. Name ultrices maximus felis, quis ullamcorper quam luctus et. </p>
    </div>
  </div>
  <style>
    /* Hide scrollbars cross-browser and enable momentum scroll for touch devices */
    [data-akar-scroll-area-viewport] {
      scrollbar-width: none;
      -ms-overflow-style: none;
      -webkit-overflow-scrolling: touch;
    }

    [data-akar-scroll-area-viewport]::-webkit-scrollbar {
      display: none;
    }
  </style>
  <div style="position: absolute; top: 0px; right: 0px; bottom: var(--akar-scroll-area-corner-height); --akar-scroll-area-thumb-height: 18px;" data-scrollbarimpl="" data-orientation="vertical" data-state="visible">
    <div data-state="visible" style="width: var(--akar-scroll-area-thumb-width); height: var(--akar-scroll-area-thumb-height);"></div>
  </div>
  <!--v-if-->
</div>"
`;

exports[`given prop:type="scroll" ScrollArea > on scroll > should render scrollbar 1`] = `
"<div dir="ltr" style="position: relative; --akar-scroll-area-corner-width: 0px; --akar-scroll-area-corner-height: 0px; width: 200px; height: 200px; overflow: hidden;">
  <div data-akar-scroll-area-viewport="" style="overflow-x: hidden; overflow-y: scroll; width: 100%; height: 100%;" tabindex="0">
    <div>
      <p class="w-[4000px]" style="width: 50px;"> Lorem ipsum dolor sit amet, consectetur adipiscing elit. Fusce sit amet eros iaculis, bibendum tellus ac, lobortis odio. Aliquam bibendum elit est, in iaculis est commodo id. Donec pulvinar est libero. Proin consectetur pellentesque molestie. Fusce mi ante, ullamcorper eu ante finibus, finibus pellentesque turpis. Mauris convallis, leo in vulputate various, sapien lectus suscipit eros, ac semper odio sapien sit amet magna. Sed mattis turpis et lacinia ultrices. Nulla a commodo mauris. Orci various natoque penatibus et magnis dis parturient montes, nascetur ridiculous mus. Pellentesque id tempor metus. Pellentesque faucibus tortor non nisi maximus dignissim. Etiam leo nisi, molestie a porttitor at, euismod a libero. Nullam placerat tristique enim nec pulvinar. Sed eleifend dictum nulla a aliquam. Sed tempus ipsum eget urna posuere aliquam. Nulla maximus tortor dui, sed laoreet odio aliquet ac. Vestibulum dolor orci, lacinia finibus vehicula eget, posuere ac lectus. Quisque non felis at ipsum scelerisque condimentum. In pharetra semper arcu, ut hendrerit sem auctor vel. Aliquam non lacinia elit, a facilisis ante. Praesent eget eros augue. Praesent nunc orci, ullamcorper non pulvinar eu, elementum id nibh. Name id lorem euismod, sodales augue quis, porttitor magna. Vivamus ut nisl velit. Name ultrices maximus felis, quis ullamcorper quam luctus et. </p>
      <p class="w-[4000px]" style="width: 50px;"> Lorem ipsum dolor sit amet, consectetur adipiscing elit. Fusce sit amet eros iaculis, bibendum tellus ac, lobortis odio. Aliquam bibendum elit est, in iaculis est commodo id. Donec pulvinar est libero. Proin consectetur pellentesque molestie. Fusce mi ante, ullamcorper eu ante finibus, finibus pellentesque turpis. Mauris convallis, leo in vulputate various, sapien lectus suscipit eros, ac semper odio sapien sit amet magna. Sed mattis turpis et lacinia ultrices. Nulla a commodo mauris. Orci various natoque penatibus et magnis dis parturient montes, nascetur ridiculous mus. Pellentesque id tempor metus. Pellentesque faucibus tortor non nisi maximus dignissim. Etiam leo nisi, molestie a porttitor at, euismod a libero. Nullam placerat tristique enim nec pulvinar. Sed eleifend dictum nulla a aliquam. Sed tempus ipsum eget urna posuere aliquam. Nulla maximus tortor dui, sed laoreet odio aliquet ac. Vestibulum dolor orci, lacinia finibus vehicula eget, posuere ac lectus. Quisque non felis at ipsum scelerisque condimentum. In pharetra semper arcu, ut hendrerit sem auctor vel. Aliquam non lacinia elit, a facilisis ante. Praesent eget eros augue. Praesent nunc orci, ullamcorper non pulvinar eu, elementum id nibh. Name id lorem euismod, sodales augue quis, porttitor magna. Vivamus ut nisl velit. Name ultrices maximus felis, quis ullamcorper quam luctus et. </p>
    </div>
  </div>
  <style>
    /* Hide scrollbars cross-browser and enable momentum scroll for touch devices */
    [data-akar-scroll-area-viewport] {
      scrollbar-width: none;
      -ms-overflow-style: none;
      -webkit-overflow-scrolling: touch;
    }

    [data-akar-scroll-area-viewport]::-webkit-scrollbar {
      display: none;
    }
  </style>
  <div style="position: absolute; top: 0px; right: 0px; bottom: var(--akar-scroll-area-corner-height); --akar-scroll-area-thumb-height: 18px;" data-scrollbarimpl="" data-orientation="vertical" data-state="visible">
    <div data-state="visible" style="width: var(--akar-scroll-area-thumb-width); height: var(--akar-scroll-area-thumb-height);"></div>
  </div>
  <!--v-if-->
</div>"
`;

exports[`given prop:type="scroll" ScrollArea > should render content and scrollbar 1`] = `
"<div dir="ltr" style="position: relative; --akar-scroll-area-corner-width: 0px; --akar-scroll-area-corner-height: 0px; width: 200px; height: 200px; overflow: hidden;">
  <div data-akar-scroll-area-viewport="" style="overflow-x: hidden; overflow-y: scroll; width: 100%; height: 100%;" tabindex="0">
    <div>
      <p class="w-[4000px]" style="width: 50px;"> Lorem ipsum dolor sit amet, consectetur adipiscing elit. Fusce sit amet eros iaculis, bibendum tellus ac, lobortis odio. Aliquam bibendum elit est, in iaculis est commodo id. Donec pulvinar est libero. Proin consectetur pellentesque molestie. Fusce mi ante, ullamcorper eu ante finibus, finibus pellentesque turpis. Mauris convallis, leo in vulputate various, sapien lectus suscipit eros, ac semper odio sapien sit amet magna. Sed mattis turpis et lacinia ultrices. Nulla a commodo mauris. Orci various natoque penatibus et magnis dis parturient montes, nascetur ridiculous mus. Pellentesque id tempor metus. Pellentesque faucibus tortor non nisi maximus dignissim. Etiam leo nisi, molestie a porttitor at, euismod a libero. Nullam placerat tristique enim nec pulvinar. Sed eleifend dictum nulla a aliquam. Sed tempus ipsum eget urna posuere aliquam. Nulla maximus tortor dui, sed laoreet odio aliquet ac. Vestibulum dolor orci, lacinia finibus vehicula eget, posuere ac lectus. Quisque non felis at ipsum scelerisque condimentum. In pharetra semper arcu, ut hendrerit sem auctor vel. Aliquam non lacinia elit, a facilisis ante. Praesent eget eros augue. Praesent nunc orci, ullamcorper non pulvinar eu, elementum id nibh. Name id lorem euismod, sodales augue quis, porttitor magna. Vivamus ut nisl velit. Name ultrices maximus felis, quis ullamcorper quam luctus et. </p>
      <p class="w-[4000px]" style="width: 50px;"> Lorem ipsum dolor sit amet, consectetur adipiscing elit. Fusce sit amet eros iaculis, bibendum tellus ac, lobortis odio. Aliquam bibendum elit est, in iaculis est commodo id. Donec pulvinar est libero. Proin consectetur pellentesque molestie. Fusce mi ante, ullamcorper eu ante finibus, finibus pellentesque turpis. Mauris convallis, leo in vulputate various, sapien lectus suscipit eros, ac semper odio sapien sit amet magna. Sed mattis turpis et lacinia ultrices. Nulla a commodo mauris. Orci various natoque penatibus et magnis dis parturient montes, nascetur ridiculous mus. Pellentesque id tempor metus. Pellentesque faucibus tortor non nisi maximus dignissim. Etiam leo nisi, molestie a porttitor at, euismod a libero. Nullam placerat tristique enim nec pulvinar. Sed eleifend dictum nulla a aliquam. Sed tempus ipsum eget urna posuere aliquam. Nulla maximus tortor dui, sed laoreet odio aliquet ac. Vestibulum dolor orci, lacinia finibus vehicula eget, posuere ac lectus. Quisque non felis at ipsum scelerisque condimentum. In pharetra semper arcu, ut hendrerit sem auctor vel. Aliquam non lacinia elit, a facilisis ante. Praesent eget eros augue. Praesent nunc orci, ullamcorper non pulvinar eu, elementum id nibh. Name id lorem euismod, sodales augue quis, porttitor magna. Vivamus ut nisl velit. Name ultrices maximus felis, quis ullamcorper quam luctus et. </p>
    </div>
  </div>
  <style>
    /* Hide scrollbars cross-browser and enable momentum scroll for touch devices */
    [data-akar-scroll-area-viewport] {
      scrollbar-width: none;
      -ms-overflow-style: none;
      -webkit-overflow-scrolling: touch;
    }

    [data-akar-scroll-area-viewport]::-webkit-scrollbar {
      display: none;
    }
  </style>
  <!---->
  <!--v-if-->
</div>"
`;
