// Vitest Snapshot v1, https://vitest.dev/guide/snapshot.html

exports[`given default Tree > should render snapshot 1`] = `
"<ul role="tree" tabindex="0" data-orientation="vertical" dir="ltr" style="outline: none;" class="text-blackA11 text-sm font-medium p-2 list-none rounded-md bg-white w-64 select-none">
  <li class="data-[selected]:bg-grass4 focus:ring-grass9 my-0.5 px-2 py-1 outline-none rounded flex w-max items-center focus:ring-2" style="margin-left: 1rem;" aria-setsize="3" aria-posinset="1" role="treeitem" aria-selected="false" aria-level="1" data-indent="1" tabindex="-1" data-orientation="vertical" data-akar-collection-item="">
    <!--v-if-->
    <div class="pl-2">index.vue</div>
  </li>
  <li class="data-[selected]:bg-grass4 focus:ring-grass9 my-0.5 px-2 py-1 outline-none rounded flex w-max items-center focus:ring-2" style="margin-left: 1rem;" aria-setsize="3" aria-posinset="2" role="treeitem" aria-selected="false" aria-expanded="false" aria-level="1" data-indent="1" tabindex="-1" data-orientation="vertical" data-akar-collection-item=""><svg xmlns="http://www.w3.org/2000/svg" xmlns:xlink="http://www.w3.org/1999/xlink" aria-hidden="true" role="img" width="1em" height="1em" viewBox="0 0 16 16" class="h-4 w-4"></svg>
    <div class="pl-2">lib</div>
  </li>
  <li class="data-[selected]:bg-grass4 focus:ring-grass9 my-0.5 px-2 py-1 outline-none rounded flex w-max items-center focus:ring-2" style="margin-left: 1rem;" aria-setsize="3" aria-posinset="3" role="treeitem" aria-selected="false" aria-expanded="false" aria-level="1" data-indent="1" tabindex="-1" data-orientation="vertical" data-akar-collection-item=""><svg xmlns="http://www.w3.org/2000/svg" xmlns:xlink="http://www.w3.org/1999/xlink" aria-hidden="true" role="img" width="1em" height="1em" viewBox="0 0 16 16" class="h-4 w-4"></svg>
    <div class="pl-2">routes</div>
  </li>
</ul>"
`;
